// Jest Snapshot v1, https://goo.gl/fbAQLP

exports[`CardNameMaskPair renders correctly 1`] = `
<View
  style={
    Object {
      "flexDirection": "row",
    }
  }
>
  <Text
    style={
      Object {
        "color": "#fff",
        "fontFamily": "OpenSans-Bold",
        "fontSize": 16,
      }
    }
  >
    Citi
  </Text>
  <Text
    style={
      Object {
        "color": "#fff",
        "fontFamily": "OpenSans-Regular",
        "fontSize": 16,
      }
    }
  >
     (2267)
  </Text>
</View>
`;
