// Jest Snapshot v1, https://goo.gl/fbAQLP

exports[`TableRow primary renders correctly 1`] = `
<View
  style={
    Object {
      "alignItems": "center",
      "display": "flex",
      "flexDirection": "row",
    }
  }
>
  <View
    style={
      Object {
        "alignItems": "flex-start",
        "width": "50%",
      }
    }
  >
    <Text
      style={
        Object {
          "color": "#fff",
          "fontFamily": "OpenSans-Regular",
          "fontSize": 16,
        }
      }
    >
      Est. pay off time
    </Text>
  </View>
  <View
    style={
      Object {
        "alignItems": "flex-end",
        "width": "50%",
      }
    }
  >
    <Text
      style={
        Object {
          "color": "#fff",
          "fontFamily": "OpenSans-Bold",
          "fontSize": 18,
        }
      }
    >
      test
    </Text>
  </View>
</View>
`;
